// Jest Snapshot v1, https://goo.gl/fbAQLP

exports[`/attacks should return all attacks 1`] = `
Array [
  Object {
    "id": 5,
    "name": "2020 Villejuif",
  },
  Object {
    "id": 4,
    "name": "2016 Nice",
  },
  Object {
    "id": 3,
    "name": "2015 Les terrasses Paris",
  },
  Object {
    "id": 2,
    "name": "2015 Hyper Cacher",
  },
  Object {
    "id": 7,
    "name": "2015 Charlie Hebdo",
  },
  Object {
    "id": 1,
    "name": "2015 Bataclan",
  },
  Object {
    "id": 6,
    "name": "2012 Ã‰cole Ozar Hatorah Toulouse",
  },
]
`;
